12340000
0
12340001
0
12340002
0
12340003
0
12340004
1
12340005
0
12340006
96
12340007
768
12340008
0
12340009
0
12340010
0
12340011
32
12340012
1536
12340013
99328
12340014
0
12340015
0
12340016
0
12340017
8192
12340018
9663864832
12340019
0
12340020
0
12340021
0
12340022
0
12340023
0
12340024
0
