Hello functions.
bar0
bar1
42
0
42
Goodbye functions.
