In main
In foo
In bar
3
42
Called bar
Back in main
