12340000
1
12340001
101
12340002
10001
12340003
10000000001
12340004
1
12340005
1000
12340006
1004
12340007
10232
12340008
10000001000
12340009
1001
12340010
100000
12340011
100068
12340012
108464
12340013
10000000672
12340014
100001
12340015
100000000000
12340016
100000000100
12340017
100000001808
12340018
100336135168
12340019
100000000001
12340020
10
12340021
110
12340022
10010
12340023
10000000010
12340024
11
