i1 XOR j1
1
i1 XOR j16
101
i1 XOR j32
10001
i1 XOR j64
10000000001
i1 XOR j8
0
i16 XOR j1
1000
i16 XOR j16
908
i16 XOR j32
9464
i16 XOR j64
10000001000
i16 XOR j8
1001
i32 XOR j1
100000
i32 XOR j16
100036
i32 XOR j32
106928
i32 XOR j64
9999901344
i32 XOR j8
100001
i64 XOR j1
100000000000
i64 XOR j16
100000000100
i64 XOR j32
99999993616
i64 XOR j64
90672270336
i64 XOR j8
100000000001
i8 XOR j1
10
i8 XOR j16
110
i8 XOR j32
10010
i8 XOR j64
10000000010
i8 XOR j8
11
